Analysis & Synthesis report for 3710-Group-5-Project
Fri Mar 27 14:42:26 2026
Quartus Prime Version 25.1std.0 Build 1129 10/21/2025 SC Lite Edition


---------------------
; Table of Contents ;
---------------------
  1. Legal Notice
  2. Analysis & Synthesis Summary
  3. Analysis & Synthesis Settings
  4. Parallel Compilation
  5. Analysis & Synthesis Source Files Read
  6. Analysis & Synthesis Resource Usage Summary
  7. Analysis & Synthesis Resource Utilization by Entity
  8. Analysis & Synthesis DSP Block Usage Summary
  9. State Machine - |PONG_TOP|ADC_reader:adc0|state
 10. Registers Removed During Synthesis
 11. General Register Statistics
 12. Inverted Register Statistics
 13. Multiplexer Restructuring Statistics (Restructuring Performed)
 14. Parameter Settings for User Entity Instance: renderer:video0|vga_controller:vga_ctrl
 15. Parameter Settings for Inferred Entity Instance: lpm_divide:Div1
 16. Parameter Settings for Inferred Entity Instance: lpm_divide:Div0
 17. Parameter Settings for Inferred Entity Instance: ADC_reader:adc0|lpm_divide:Div0
 18. Parameter Settings for Inferred Entity Instance: renderer:video0|lpm_divide:Mod0
 19. Port Connectivity Checks: "ADC_reader:adc0"
 20. Post-Synthesis Netlist Statistics for Top Partition
 21. Elapsed Time Per Partition
 22. Analysis & Synthesis Messages



----------------
; Legal Notice ;
----------------
Copyright (C) 2025  Altera Corporation. All rights reserved.
Your use of Altera Corporation's design tools, logic functions 
and other software and tools, and any partner logic 
functions, and any output files from any of the foregoing 
(including device programming or simulation files), and any 
associated documentation or information are expressly subject 
to the terms and conditions of the Altera Program License 
Subscription Agreement, the Altera Quartus Prime License Agreement,
the Altera IP License Agreement, or other applicable license
agreement, including, without limitation, that your use is for
the sole purpose of programming logic devices manufactured by
Altera and sold by Altera or its authorized distributors.  Please
refer to the Altera Software License Subscription Agreements 
on the Quartus Prime software download page.



+-----------------------------------------------------------------------------------+
; Analysis & Synthesis Summary                                                      ;
+---------------------------------+-------------------------------------------------+
; Analysis & Synthesis Status     ; Successful - Fri Mar 27 14:42:26 2026           ;
; Quartus Prime Version           ; 25.1std.0 Build 1129 10/21/2025 SC Lite Edition ;
; Revision Name                   ; 3710-Group-5-Project                            ;
; Top-level Entity Name           ; PONG_TOP                                        ;
; Family                          ; Cyclone V                                       ;
; Logic utilization (in ALMs)     ; N/A                                             ;
; Total registers                 ; 152                                             ;
; Total pins                      ; 90                                              ;
; Total virtual pins              ; 0                                               ;
; Total block memory bits         ; 0                                               ;
; Total DSP Blocks                ; 1                                               ;
; Total HSSI RX PCSs              ; 0                                               ;
; Total HSSI PMA RX Deserializers ; 0                                               ;
; Total HSSI TX PCSs              ; 0                                               ;
; Total HSSI PMA TX Serializers   ; 0                                               ;
; Total PLLs                      ; 0                                               ;
; Total DLLs                      ; 0                                               ;
+---------------------------------+-------------------------------------------------+


+-----------------------------------------------------------------------------------------------------------------------------+
; Analysis & Synthesis Settings                                                                                               ;
+---------------------------------------------------------------------------------+--------------------+----------------------+
; Option                                                                          ; Setting            ; Default Value        ;
+---------------------------------------------------------------------------------+--------------------+----------------------+
; Device                                                                          ; 5CSEMA5F31C6       ;                      ;
; Top-level entity name                                                           ; PONG_TOP           ; 3710-Group-5-Project ;
; Family name                                                                     ; Cyclone V          ; Cyclone V            ;
; Use smart compilation                                                           ; Off                ; Off                  ;
; Enable parallel Assembler and Timing Analyzer during compilation                ; On                 ; On                   ;
; Enable compact report table                                                     ; Off                ; Off                  ;
; Restructure Multiplexers                                                        ; Auto               ; Auto                 ;
; MLAB Add Timing Constraints For Mixed-Port Feed-Through Mode Setting Don't Care ; Off                ; Off                  ;
; Create Debugging Nodes for IP Cores                                             ; Off                ; Off                  ;
; Preserve fewer node names                                                       ; On                 ; On                   ;
; Intel FPGA IP Evaluation Mode                                                   ; Enable             ; Enable               ;
; Verilog Version                                                                 ; Verilog_2001       ; Verilog_2001         ;
; VHDL Version                                                                    ; VHDL_1993          ; VHDL_1993            ;
; State Machine Processing                                                        ; Auto               ; Auto                 ;
; Safe State Machine                                                              ; Off                ; Off                  ;
; Extract Verilog State Machines                                                  ; On                 ; On                   ;
; Extract VHDL State Machines                                                     ; On                 ; On                   ;
; Ignore Verilog initial constructs                                               ; Off                ; Off                  ;
; Iteration limit for constant Verilog loops                                      ; 5000               ; 5000                 ;
; Iteration limit for non-constant Verilog loops                                  ; 250                ; 250                  ;
; Add Pass-Through Logic to Inferred RAMs                                         ; On                 ; On                   ;
; Infer RAMs from Raw Logic                                                       ; On                 ; On                   ;
; Parallel Synthesis                                                              ; On                 ; On                   ;
; DSP Block Balancing                                                             ; Auto               ; Auto                 ;
; NOT Gate Push-Back                                                              ; On                 ; On                   ;
; Power-Up Don't Care                                                             ; On                 ; On                   ;
; Remove Redundant Logic Cells                                                    ; Off                ; Off                  ;
; Remove Duplicate Registers                                                      ; On                 ; On                   ;
; Ignore CARRY Buffers                                                            ; Off                ; Off                  ;
; Ignore CASCADE Buffers                                                          ; Off                ; Off                  ;
; Ignore GLOBAL Buffers                                                           ; Off                ; Off                  ;
; Ignore ROW GLOBAL Buffers                                                       ; Off                ; Off                  ;
; Ignore LCELL Buffers                                                            ; Off                ; Off                  ;
; Ignore SOFT Buffers                                                             ; On                 ; On                   ;
; Limit AHDL Integers to 32 Bits                                                  ; Off                ; Off                  ;
; Optimization Technique                                                          ; Balanced           ; Balanced             ;
; Carry Chain Length                                                              ; 70                 ; 70                   ;
; Auto Carry Chains                                                               ; On                 ; On                   ;
; Auto Open-Drain Pins                                                            ; On                 ; On                   ;
; Perform WYSIWYG Primitive Resynthesis                                           ; Off                ; Off                  ;
; Auto ROM Replacement                                                            ; On                 ; On                   ;
; Auto RAM Replacement                                                            ; On                 ; On                   ;
; Auto DSP Block Replacement                                                      ; On                 ; On                   ;
; Auto Shift Register Replacement                                                 ; Auto               ; Auto                 ;
; Allow Shift Register Merging across Hierarchies                                 ; Auto               ; Auto                 ;
; Auto Clock Enable Replacement                                                   ; On                 ; On                   ;
; Strict RAM Replacement                                                          ; Off                ; Off                  ;
; Allow Synchronous Control Signals                                               ; On                 ; On                   ;
; Force Use of Synchronous Clear Signals                                          ; Off                ; Off                  ;
; Auto Resource Sharing                                                           ; Off                ; Off                  ;
; Allow Any RAM Size For Recognition                                              ; Off                ; Off                  ;
; Allow Any ROM Size For Recognition                                              ; Off                ; Off                  ;
; Allow Any Shift Register Size For Recognition                                   ; Off                ; Off                  ;
; Use LogicLock Constraints during Resource Balancing                             ; On                 ; On                   ;
; Ignore translate_off and synthesis_off directives                               ; Off                ; Off                  ;
; Timing-Driven Synthesis                                                         ; On                 ; On                   ;
; Report Parameter Settings                                                       ; On                 ; On                   ;
; Report Source Assignments                                                       ; On                 ; On                   ;
; Report Connectivity Checks                                                      ; On                 ; On                   ;
; Ignore Maximum Fan-Out Assignments                                              ; Off                ; Off                  ;
; Synchronization Register Chain Length                                           ; 3                  ; 3                    ;
; Power Optimization During Synthesis                                             ; Normal compilation ; Normal compilation   ;
; HDL message level                                                               ; Level2             ; Level2               ;
; Suppress Register Optimization Related Messages                                 ; Off                ; Off                  ;
; Number of Removed Registers Reported in Synthesis Report                        ; 5000               ; 5000                 ;
; Number of Swept Nodes Reported in Synthesis Report                              ; 5000               ; 5000                 ;
; Number of Inverted Registers Reported in Synthesis Report                       ; 100                ; 100                  ;
; Clock MUX Protection                                                            ; On                 ; On                   ;
; Auto Gated Clock Conversion                                                     ; Off                ; Off                  ;
; Block Design Naming                                                             ; Auto               ; Auto                 ;
; SDC constraint protection                                                       ; Off                ; Off                  ;
; Synthesis Effort                                                                ; Auto               ; Auto                 ;
; Shift Register Replacement - Allow Asynchronous Clear Signal                    ; On                 ; On                   ;
; Pre-Mapping Resynthesis Optimization                                            ; Off                ; Off                  ;
; Analysis & Synthesis Message Level                                              ; Medium             ; Medium               ;
; Disable Register Merging Across Hierarchies                                     ; Auto               ; Auto                 ;
; Resource Aware Inference For Block RAM                                          ; On                 ; On                   ;
; Automatic Parallel Synthesis                                                    ; On                 ; On                   ;
; Partial Reconfiguration Bitstream ID                                            ; Off                ; Off                  ;
+---------------------------------------------------------------------------------+--------------------+----------------------+


+------------------------------------------+
; Parallel Compilation                     ;
+----------------------------+-------------+
; Processors                 ; Number      ;
+----------------------------+-------------+
; Number detected on machine ; 16          ;
; Maximum allowed            ; 16          ;
;                            ;             ;
; Average used               ; 1.00        ;
; Maximum used               ; 16          ;
;                            ;             ;
; Usage by Processor         ; % Time Used ;
;     Processor 1            ; 100.0%      ;
;     Processors 2-16        ;   0.0%      ;
+----------------------------+-------------+


+--------------------------------------------------------------------------------------------------------------------------------------------------------------------------------------------------------------------+
; Analysis & Synthesis Source Files Read                                                                                                                                                                             ;
+----------------------------------------------------+-----------------+------------------------------+----------------------------------------------------------------------------------------------------+---------+
; File Name with User-Entered Path                   ; Used in Netlist ; File Type                    ; File Name with Absolute Path                                                                       ; Library ;
+----------------------------------------------------+-----------------+------------------------------+----------------------------------------------------------------------------------------------------+---------+
; ../../1_PROJECT_PONG/Hard_coded_game/game_engine.v ; yes             ; User Verilog HDL File        ; C:/Users/mmess/OneDrive/Documents/GitHub/3710-Group-5/1_PROJECT_PONG/Hard_coded_game/game_engine.v ;         ;
; ../../1_PROJECT_PONG/Peripherals/ADC_reader.v      ; yes             ; User Verilog HDL File        ; C:/Users/mmess/OneDrive/Documents/GitHub/3710-Group-5/1_PROJECT_PONG/Peripherals/ADC_reader.v      ;         ;
; ../../1_PROJECT_PONG/Video/score_font.v            ; yes             ; User Verilog HDL File        ; C:/Users/mmess/OneDrive/Documents/GitHub/3710-Group-5/1_PROJECT_PONG/Video/score_font.v            ;         ;
; ../../1_PROJECT_PONG/Video/vga_controller.v        ; yes             ; User Verilog HDL File        ; C:/Users/mmess/OneDrive/Documents/GitHub/3710-Group-5/1_PROJECT_PONG/Video/vga_controller.v        ;         ;
; ../../1_PROJECT_PONG/Video/renderer.v              ; yes             ; User Verilog HDL File        ; C:/Users/mmess/OneDrive/Documents/GitHub/3710-Group-5/1_PROJECT_PONG/Video/renderer.v              ;         ;
; ../../1_PROJECT_PONG/PONG_TOP.v                    ; yes             ; User Verilog HDL File        ; C:/Users/mmess/OneDrive/Documents/GitHub/3710-Group-5/1_PROJECT_PONG/PONG_TOP.v                    ;         ;
; ../../1_PROJECT_PONG/clock_div.v                   ; yes             ; User Verilog HDL File        ; C:/Users/mmess/OneDrive/Documents/GitHub/3710-Group-5/1_PROJECT_PONG/clock_div.v                   ;         ;
; lpm_divide.tdf                                     ; yes             ; Megafunction                 ; c:/altera_lite/25.1std/quartus/libraries/megafunctions/lpm_divide.tdf                              ;         ;
; abs_divider.inc                                    ; yes             ; Megafunction                 ; c:/altera_lite/25.1std/quartus/libraries/megafunctions/abs_divider.inc                             ;         ;
; sign_div_unsign.inc                                ; yes             ; Megafunction                 ; c:/altera_lite/25.1std/quartus/libraries/megafunctions/sign_div_unsign.inc                         ;         ;
; aglobal251.inc                                     ; yes             ; Megafunction                 ; c:/altera_lite/25.1std/quartus/libraries/megafunctions/aglobal251.inc                              ;         ;
; db/lpm_divide_nbm.tdf                              ; yes             ; Auto-Generated Megafunction  ; C:/Users/mmess/OneDrive/Documents/GitHub/3710-Group-5/2_Quartus/Project/db/lpm_divide_nbm.tdf      ;         ;
; db/sign_div_unsign_tlh.tdf                         ; yes             ; Auto-Generated Megafunction  ; C:/Users/mmess/OneDrive/Documents/GitHub/3710-Group-5/2_Quartus/Project/db/sign_div_unsign_tlh.tdf ;         ;
; db/alt_u_div_00f.tdf                               ; yes             ; Auto-Generated Megafunction  ; C:/Users/mmess/OneDrive/Documents/GitHub/3710-Group-5/2_Quartus/Project/db/alt_u_div_00f.tdf       ;         ;
; db/lpm_divide_vcm.tdf                              ; yes             ; Auto-Generated Megafunction  ; C:/Users/mmess/OneDrive/Documents/GitHub/3710-Group-5/2_Quartus/Project/db/lpm_divide_vcm.tdf      ;         ;
; db/sign_div_unsign_5nh.tdf                         ; yes             ; Auto-Generated Megafunction  ; C:/Users/mmess/OneDrive/Documents/GitHub/3710-Group-5/2_Quartus/Project/db/sign_div_unsign_5nh.tdf ;         ;
; db/alt_u_div_g2f.tdf                               ; yes             ; Auto-Generated Megafunction  ; C:/Users/mmess/OneDrive/Documents/GitHub/3710-Group-5/2_Quartus/Project/db/alt_u_div_g2f.tdf       ;         ;
; db/lpm_divide_i3m.tdf                              ; yes             ; Auto-Generated Megafunction  ; C:/Users/mmess/OneDrive/Documents/GitHub/3710-Group-5/2_Quartus/Project/db/lpm_divide_i3m.tdf      ;         ;
; db/sign_div_unsign_llh.tdf                         ; yes             ; Auto-Generated Megafunction  ; C:/Users/mmess/OneDrive/Documents/GitHub/3710-Group-5/2_Quartus/Project/db/sign_div_unsign_llh.tdf ;         ;
; db/alt_u_div_gve.tdf                               ; yes             ; Auto-Generated Megafunction  ; C:/Users/mmess/OneDrive/Documents/GitHub/3710-Group-5/2_Quartus/Project/db/alt_u_div_gve.tdf       ;         ;
+----------------------------------------------------+-----------------+------------------------------+----------------------------------------------------------------------------------------------------+---------+


+------------------------------------------------------------+
; Analysis & Synthesis Resource Usage Summary                ;
+---------------------------------------------+--------------+
; Resource                                    ; Usage        ;
+---------------------------------------------+--------------+
; Estimate of Logic utilization (ALMs needed) ; 255          ;
;                                             ;              ;
; Combinational ALUT usage for logic          ; 454          ;
;     -- 7 input functions                    ; 1            ;
;     -- 6 input functions                    ; 50           ;
;     -- 5 input functions                    ; 63           ;
;     -- 4 input functions                    ; 53           ;
;     -- <=3 input functions                  ; 287          ;
;                                             ;              ;
; Dedicated logic registers                   ; 152          ;
;                                             ;              ;
; I/O pins                                    ; 90           ;
;                                             ;              ;
; Total DSP Blocks                            ; 1            ;
;                                             ;              ;
; Maximum fan-out node                        ; KEY[0]~input ;
; Maximum fan-out                             ; 152          ;
; Total fan-out                               ; 2244         ;
; Average fan-out                             ; 2.85         ;
+---------------------------------------------+--------------+


+---------------------------------------------------------------------------------------------------------------------------------------------------------------------------------------------------------------------------------------------------------------------------------------------------------------------+
; Analysis & Synthesis Resource Utilization by Entity                                                                                                                                                                                                                                                                 ;
+-------------------------------------------+---------------------+---------------------------+-------------------+------------+------+--------------+---------------------------------------------------------------------------------------------------------------------------+---------------------+--------------+
; Compilation Hierarchy Node                ; Combinational ALUTs ; Dedicated Logic Registers ; Block Memory Bits ; DSP Blocks ; Pins ; Virtual Pins ; Full Hierarchy Name                                                                                                       ; Entity Name         ; Library Name ;
+-------------------------------------------+---------------------+---------------------------+-------------------+------------+------+--------------+---------------------------------------------------------------------------------------------------------------------------+---------------------+--------------+
; |PONG_TOP                                 ; 454 (12)            ; 152 (0)                   ; 0                 ; 1          ; 90   ; 0            ; |PONG_TOP                                                                                                                 ; PONG_TOP            ; work         ;
;    |ADC_reader:adc0|                      ; 96 (84)             ; 66 (66)                   ; 0                 ; 1          ; 0    ; 0            ; |PONG_TOP|ADC_reader:adc0                                                                                                 ; ADC_reader          ; work         ;
;       |lpm_divide:Div0|                   ; 12 (0)              ; 0 (0)                     ; 0                 ; 0          ; 0    ; 0            ; |PONG_TOP|ADC_reader:adc0|lpm_divide:Div0                                                                                 ; lpm_divide          ; work         ;
;          |lpm_divide_vcm:auto_generated|  ; 12 (0)              ; 0 (0)                     ; 0                 ; 0          ; 0    ; 0            ; |PONG_TOP|ADC_reader:adc0|lpm_divide:Div0|lpm_divide_vcm:auto_generated                                                   ; lpm_divide_vcm      ; work         ;
;             |sign_div_unsign_5nh:divider| ; 12 (0)              ; 0 (0)                     ; 0                 ; 0          ; 0    ; 0            ; |PONG_TOP|ADC_reader:adc0|lpm_divide:Div0|lpm_divide_vcm:auto_generated|sign_div_unsign_5nh:divider                       ; sign_div_unsign_5nh ; work         ;
;                |alt_u_div_g2f:divider|    ; 12 (12)             ; 0 (0)                     ; 0                 ; 0          ; 0    ; 0            ; |PONG_TOP|ADC_reader:adc0|lpm_divide:Div0|lpm_divide_vcm:auto_generated|sign_div_unsign_5nh:divider|alt_u_div_g2f:divider ; alt_u_div_g2f       ; work         ;
;    |game_engine:game0|                    ; 66 (66)             ; 41 (41)                   ; 0                 ; 0          ; 0    ; 0            ; |PONG_TOP|game_engine:game0                                                                                               ; game_engine         ; work         ;
;    |lpm_divide:Div0|                      ; 37 (0)              ; 0 (0)                     ; 0                 ; 0          ; 0    ; 0            ; |PONG_TOP|lpm_divide:Div0                                                                                                 ; lpm_divide          ; work         ;
;       |lpm_divide_nbm:auto_generated|     ; 37 (0)              ; 0 (0)                     ; 0                 ; 0          ; 0    ; 0            ; |PONG_TOP|lpm_divide:Div0|lpm_divide_nbm:auto_generated                                                                   ; lpm_divide_nbm      ; work         ;
;          |sign_div_unsign_tlh:divider|    ; 37 (0)              ; 0 (0)                     ; 0                 ; 0          ; 0    ; 0            ; |PONG_TOP|lpm_divide:Div0|lpm_divide_nbm:auto_generated|sign_div_unsign_tlh:divider                                       ; sign_div_unsign_tlh ; work         ;
;             |alt_u_div_00f:divider|       ; 37 (37)             ; 0 (0)                     ; 0                 ; 0          ; 0    ; 0            ; |PONG_TOP|lpm_divide:Div0|lpm_divide_nbm:auto_generated|sign_div_unsign_tlh:divider|alt_u_div_00f:divider                 ; alt_u_div_00f       ; work         ;
;    |lpm_divide:Div1|                      ; 37 (0)              ; 0 (0)                     ; 0                 ; 0          ; 0    ; 0            ; |PONG_TOP|lpm_divide:Div1                                                                                                 ; lpm_divide          ; work         ;
;       |lpm_divide_nbm:auto_generated|     ; 37 (0)              ; 0 (0)                     ; 0                 ; 0          ; 0    ; 0            ; |PONG_TOP|lpm_divide:Div1|lpm_divide_nbm:auto_generated                                                                   ; lpm_divide_nbm      ; work         ;
;          |sign_div_unsign_tlh:divider|    ; 37 (0)              ; 0 (0)                     ; 0                 ; 0          ; 0    ; 0            ; |PONG_TOP|lpm_divide:Div1|lpm_divide_nbm:auto_generated|sign_div_unsign_tlh:divider                                       ; sign_div_unsign_tlh ; work         ;
;             |alt_u_div_00f:divider|       ; 37 (37)             ; 0 (0)                     ; 0                 ; 0          ; 0    ; 0            ; |PONG_TOP|lpm_divide:Div1|lpm_divide_nbm:auto_generated|sign_div_unsign_tlh:divider|alt_u_div_00f:divider                 ; alt_u_div_00f       ; work         ;
;    |renderer:video0|                      ; 206 (74)            ; 45 (24)                   ; 0                 ; 0          ; 0    ; 0            ; |PONG_TOP|renderer:video0                                                                                                 ; renderer            ; work         ;
;       |clk_divider:clk_div|               ; 1 (1)               ; 1 (1)                     ; 0                 ; 0          ; 0    ; 0            ; |PONG_TOP|renderer:video0|clk_divider:clk_div                                                                             ; clk_divider         ; work         ;
;       |lpm_divide:Mod0|                   ; 72 (0)              ; 0 (0)                     ; 0                 ; 0          ; 0    ; 0            ; |PONG_TOP|renderer:video0|lpm_divide:Mod0                                                                                 ; lpm_divide          ; work         ;
;          |lpm_divide_i3m:auto_generated|  ; 72 (0)              ; 0 (0)                     ; 0                 ; 0          ; 0    ; 0            ; |PONG_TOP|renderer:video0|lpm_divide:Mod0|lpm_divide_i3m:auto_generated                                                   ; lpm_divide_i3m      ; work         ;
;             |sign_div_unsign_llh:divider| ; 72 (0)              ; 0 (0)                     ; 0                 ; 0          ; 0    ; 0            ; |PONG_TOP|renderer:video0|lpm_divide:Mod0|lpm_divide_i3m:auto_generated|sign_div_unsign_llh:divider                       ; sign_div_unsign_llh ; work         ;
;                |alt_u_div_gve:divider|    ; 72 (72)             ; 0 (0)                     ; 0                 ; 0          ; 0    ; 0            ; |PONG_TOP|renderer:video0|lpm_divide:Mod0|lpm_divide_i3m:auto_generated|sign_div_unsign_llh:divider|alt_u_div_gve:divider ; alt_u_div_gve       ; work         ;
;       |score_font:left_digit|             ; 14 (14)             ; 0 (0)                     ; 0                 ; 0          ; 0    ; 0            ; |PONG_TOP|renderer:video0|score_font:left_digit                                                                           ; score_font          ; work         ;
;       |score_font:right_digit|            ; 13 (13)             ; 0 (0)                     ; 0                 ; 0          ; 0    ; 0            ; |PONG_TOP|renderer:video0|score_font:right_digit                                                                          ; score_font          ; work         ;
;       |vga_controller:vga_ctrl|           ; 32 (32)             ; 20 (20)                   ; 0                 ; 0          ; 0    ; 0            ; |PONG_TOP|renderer:video0|vga_controller:vga_ctrl                                                                         ; vga_controller      ; work         ;
+-------------------------------------------+---------------------+---------------------------+-------------------+------------+------+--------------+---------------------------------------------------------------------------------------------------------------------------+---------------------+--------------+
Note: For table entries with two numbers listed, the numbers in parentheses indicate the number of resources of the given type used by the specific entity alone. The numbers listed outside of parentheses indicate the total resources of the given type used by the specific entity and all of its sub-entities in the hierarchy.


+-----------------------------------------------+
; Analysis & Synthesis DSP Block Usage Summary  ;
+---------------------------------+-------------+
; Statistic                       ; Number Used ;
+---------------------------------+-------------+
; Two Independent 18x18           ; 1           ;
; Total number of DSP blocks      ; 1           ;
;                                 ;             ;
; Fixed Point Unsigned Multiplier ; 1           ;
+---------------------------------+-------------+


Encoding Type:  One-Hot
+-------------------------------------------------------------------------------------------+
; State Machine - |PONG_TOP|ADC_reader:adc0|state                                           ;
+--------------------+--------------------+-------------------+--------------+--------------+
; Name               ; state.S_SHIFT_HIGH ; state.S_SHIFT_LOW ; state.S_WAIT ; state.S_CONV ;
+--------------------+--------------------+-------------------+--------------+--------------+
; state.S_CONV       ; 0                  ; 0                 ; 0            ; 0            ;
; state.S_WAIT       ; 0                  ; 0                 ; 1            ; 1            ;
; state.S_SHIFT_LOW  ; 0                  ; 1                 ; 0            ; 1            ;
; state.S_SHIFT_HIGH ; 1                  ; 0                 ; 0            ; 1            ;
+--------------------+--------------------+-------------------+--------------+--------------+


+----------------------------------------------------------------------------------+
; Registers Removed During Synthesis                                               ;
+----------------------------------------+-----------------------------------------+
; Register name                          ; Reason for Removal                      ;
+----------------------------------------+-----------------------------------------+
; game_engine:game0|ball_y[2,4,8]        ; Merged with game_engine:game0|ball_y[9] ;
; game_engine:game0|ball_y[0,1,3,5,6]    ; Merged with game_engine:game0|ball_y[7] ;
; ADC_reader:adc0|y_pos1[5,6,8]          ; Stuck at GND due to stuck port data_in  ;
; ADC_reader:adc0|y_pos1[1]              ; Stuck at VCC due to stuck port data_in  ;
; ADC_reader:adc0|y_pos2[5,6,8]          ; Stuck at GND due to stuck port data_in  ;
; ADC_reader:adc0|y_pos2[1]              ; Stuck at VCC due to stuck port data_in  ;
; game_engine:game0|ball_y[9]            ; Stuck at GND due to stuck port data_in  ;
; game_engine:game0|ball_y[7]            ; Stuck at VCC due to stuck port data_in  ;
; ADC_reader:adc0|shift_out[0]           ; Stuck at GND due to stuck port data_in  ;
; ADC_reader:adc0|state~8                ; Lost fanout                             ;
; ADC_reader:adc0|state~9                ; Lost fanout                             ;
; ADC_reader:adc0|y_pos2[3,4,7]          ; Merged with ADC_reader:adc0|y_pos2[2]   ;
; ADC_reader:adc0|y_pos1[3,4,7]          ; Merged with ADC_reader:adc0|y_pos1[2]   ;
; Total Number of Removed Registers = 27 ;                                         ;
+----------------------------------------+-----------------------------------------+


+------------------------------------------------------+
; General Register Statistics                          ;
+----------------------------------------------+-------+
; Statistic                                    ; Value ;
+----------------------------------------------+-------+
; Total registers                              ; 152   ;
; Number of registers using Synchronous Clear  ; 84    ;
; Number of registers using Synchronous Load   ; 0     ;
; Number of registers using Asynchronous Clear ; 152   ;
; Number of registers using Asynchronous Load  ; 0     ;
; Number of registers using Clock Enable       ; 81    ;
; Number of registers using Preset             ; 0     ;
+----------------------------------------------+-------+


+---------------------------------------------------+
; Inverted Register Statistics                      ;
+-----------------------------------------+---------+
; Inverted Register                       ; Fan out ;
+-----------------------------------------+---------+
; ADC_reader:adc0|y_pos2[2]               ; 20      ;
; ADC_reader:adc0|y_pos1[2]               ; 21      ;
; ADC_reader:adc0|shift_out[5]            ; 1       ;
; game_engine:game0|ball_x[1]             ; 5       ;
; game_engine:game0|ball_x[0]             ; 4       ;
; game_engine:game0|ball_x[5]             ; 5       ;
; game_engine:game0|ball_x[4]             ; 5       ;
; game_engine:game0|ball_x[3]             ; 5       ;
; game_engine:game0|ball_x[8]             ; 5       ;
; ADC_reader:adc0|shift_out[1]            ; 1       ;
; Total number of inverted registers = 10 ;         ;
+-----------------------------------------+---------+


+------------------------------------------------------------------------------------------------------------------------------------------------------+
; Multiplexer Restructuring Statistics (Restructuring Performed)                                                                                       ;
+--------------------+-----------+---------------+----------------------+------------------------+------------+----------------------------------------+
; Multiplexer Inputs ; Bus Width ; Baseline Area ; Area if Restructured ; Saving if Restructured ; Registered ; Example Multiplexer Output             ;
+--------------------+-----------+---------------+----------------------+------------------------+------------+----------------------------------------+
; 4:1                ; 4 bits    ; 8 LEs         ; 8 LEs                ; 0 LEs                  ; Yes        ; |PONG_TOP|game_engine:game0|ball_x[9]  ;
; 5:1                ; 16 bits   ; 48 LEs        ; 0 LEs                ; 48 LEs                 ; Yes        ; |PONG_TOP|ADC_reader:adc0|wait_cnt[6]  ;
; 5:1                ; 11 bits   ; 33 LEs        ; 0 LEs                ; 33 LEs                 ; Yes        ; |PONG_TOP|ADC_reader:adc0|shift_in[4]  ;
; 5:1                ; 4 bits    ; 12 LEs        ; 4 LEs                ; 8 LEs                  ; Yes        ; |PONG_TOP|ADC_reader:adc0|bit_cnt[0]   ;
; 5:1                ; 2 bits    ; 6 LEs         ; 2 LEs                ; 4 LEs                  ; Yes        ; |PONG_TOP|ADC_reader:adc0|shift_out[3] ;
; 5:1                ; 16 bits   ; 48 LEs        ; 0 LEs                ; 48 LEs                 ; Yes        ; |PONG_TOP|ADC_reader:adc0|div_cnt[0]   ;
; 4:1                ; 6 bits    ; 12 LEs        ; 12 LEs               ; 0 LEs                  ; Yes        ; |PONG_TOP|game_engine:game0|ball_x[5]  ;
; 5:1                ; 2 bits    ; 6 LEs         ; 2 LEs                ; 4 LEs                  ; Yes        ; |PONG_TOP|ADC_reader:adc0|shift_out[5] ;
; 3:1                ; 2 bits    ; 4 LEs         ; 4 LEs                ; 0 LEs                  ; No         ; |PONG_TOP|renderer:video0|VGA_R        ;
; 8:1                ; 2 bits    ; 10 LEs        ; 4 LEs                ; 6 LEs                  ; No         ; |PONG_TOP|ADC_reader:adc0|Selector18   ;
+--------------------+-----------+---------------+----------------------+------------------------+------------+----------------------------------------+


+--------------------------------------------------------------------------------------+
; Parameter Settings for User Entity Instance: renderer:video0|vga_controller:vga_ctrl ;
+----------------+------------+--------------------------------------------------------+
; Parameter Name ; Value      ; Type                                                   ;
+----------------+------------+--------------------------------------------------------+
; H_SYNC         ; 0001100000 ; Unsigned Binary                                        ;
; H_BACK_PORCH   ; 0000110000 ; Unsigned Binary                                        ;
; H_DISPLAY      ; 1010000000 ; Unsigned Binary                                        ;
; H_FRONT_PORCH  ; 0000010000 ; Unsigned Binary                                        ;
; H_TOTAL        ; 1100100000 ; Unsigned Binary                                        ;
; V_SYNC         ; 0000000010 ; Unsigned Binary                                        ;
; V_BACK_PORCH   ; 0000100001 ; Unsigned Binary                                        ;
; V_DISPLAY      ; 0111100000 ; Unsigned Binary                                        ;
; V_FRONT_PORCH  ; 0000001010 ; Unsigned Binary                                        ;
; V_TOTAL        ; 1000001101 ; Unsigned Binary                                        ;
+----------------+------------+--------------------------------------------------------+
Note: In order to hide this table in the UI and the text report file, please set the "Show Parameter Settings in Synthesis Report" option in "Analysis and Synthesis Settings -> More Settings" to "Off".


+------------------------------------------------------------------+
; Parameter Settings for Inferred Entity Instance: lpm_divide:Div1 ;
+------------------------+----------------+------------------------+
; Parameter Name         ; Value          ; Type                   ;
+------------------------+----------------+------------------------+
; LPM_WIDTHN             ; 32             ; Untyped                ;
; LPM_WIDTHD             ; 9              ; Untyped                ;
; LPM_NREPRESENTATION    ; UNSIGNED       ; Untyped                ;
; LPM_DREPRESENTATION    ; UNSIGNED       ; Untyped                ;
; LPM_PIPELINE           ; 0              ; Untyped                ;
; LPM_REMAINDERPOSITIVE  ; TRUE           ; Untyped                ;
; MAXIMIZE_SPEED         ; 5              ; Untyped                ;
; CBXI_PARAMETER         ; lpm_divide_nbm ; Untyped                ;
; CARRY_CHAIN            ; MANUAL         ; Untyped                ;
; OPTIMIZE_FOR_SPEED     ; 5              ; Untyped                ;
; AUTO_CARRY_CHAINS      ; ON             ; AUTO_CARRY             ;
; IGNORE_CARRY_BUFFERS   ; OFF            ; IGNORE_CARRY           ;
; AUTO_CASCADE_CHAINS    ; ON             ; AUTO_CASCADE           ;
; IGNORE_CASCADE_BUFFERS ; OFF            ; IGNORE_CASCADE         ;
+------------------------+----------------+------------------------+
Note: In order to hide this table in the UI and the text report file, please set the "Show Parameter Settings in Synthesis Report" option in "Analysis and Synthesis Settings -> More Settings" to "Off".


+------------------------------------------------------------------+
; Parameter Settings for Inferred Entity Instance: lpm_divide:Div0 ;
+------------------------+----------------+------------------------+
; Parameter Name         ; Value          ; Type                   ;
+------------------------+----------------+------------------------+
; LPM_WIDTHN             ; 32             ; Untyped                ;
; LPM_WIDTHD             ; 9              ; Untyped                ;
; LPM_NREPRESENTATION    ; UNSIGNED       ; Untyped                ;
; LPM_DREPRESENTATION    ; UNSIGNED       ; Untyped                ;
; LPM_PIPELINE           ; 0              ; Untyped                ;
; LPM_REMAINDERPOSITIVE  ; TRUE           ; Untyped                ;
; MAXIMIZE_SPEED         ; 5              ; Untyped                ;
; CBXI_PARAMETER         ; lpm_divide_nbm ; Untyped                ;
; CARRY_CHAIN            ; MANUAL         ; Untyped                ;
; OPTIMIZE_FOR_SPEED     ; 5              ; Untyped                ;
; AUTO_CARRY_CHAINS      ; ON             ; AUTO_CARRY             ;
; IGNORE_CARRY_BUFFERS   ; OFF            ; IGNORE_CARRY           ;
; AUTO_CASCADE_CHAINS    ; ON             ; AUTO_CASCADE           ;
; IGNORE_CASCADE_BUFFERS ; OFF            ; IGNORE_CASCADE         ;
+------------------------+----------------+------------------------+
Note: In order to hide this table in the UI and the text report file, please set the "Show Parameter Settings in Synthesis Report" option in "Analysis and Synthesis Settings -> More Settings" to "Off".


+----------------------------------------------------------------------------------+
; Parameter Settings for Inferred Entity Instance: ADC_reader:adc0|lpm_divide:Div0 ;
+------------------------+----------------+----------------------------------------+
; Parameter Name         ; Value          ; Type                                   ;
+------------------------+----------------+----------------------------------------+
; LPM_WIDTHN             ; 12             ; Untyped                                ;
; LPM_WIDTHD             ; 12             ; Untyped                                ;
; LPM_NREPRESENTATION    ; UNSIGNED       ; Untyped                                ;
; LPM_DREPRESENTATION    ; UNSIGNED       ; Untyped                                ;
; LPM_PIPELINE           ; 0              ; Untyped                                ;
; LPM_REMAINDERPOSITIVE  ; TRUE           ; Untyped                                ;
; MAXIMIZE_SPEED         ; 5              ; Untyped                                ;
; CBXI_PARAMETER         ; lpm_divide_vcm ; Untyped                                ;
; CARRY_CHAIN            ; MANUAL         ; Untyped                                ;
; OPTIMIZE_FOR_SPEED     ; 5              ; Untyped                                ;
; AUTO_CARRY_CHAINS      ; ON             ; AUTO_CARRY                             ;
; IGNORE_CARRY_BUFFERS   ; OFF            ; IGNORE_CARRY                           ;
; AUTO_CASCADE_CHAINS    ; ON             ; AUTO_CASCADE                           ;
; IGNORE_CASCADE_BUFFERS ; OFF            ; IGNORE_CASCADE                         ;
+------------------------+----------------+----------------------------------------+
Note: In order to hide this table in the UI and the text report file, please set the "Show Parameter Settings in Synthesis Report" option in "Analysis and Synthesis Settings -> More Settings" to "Off".


+----------------------------------------------------------------------------------+
; Parameter Settings for Inferred Entity Instance: renderer:video0|lpm_divide:Mod0 ;
+------------------------+----------------+----------------------------------------+
; Parameter Name         ; Value          ; Type                                   ;
+------------------------+----------------+----------------------------------------+
; LPM_WIDTHN             ; 10             ; Untyped                                ;
; LPM_WIDTHD             ; 5              ; Untyped                                ;
; LPM_NREPRESENTATION    ; UNSIGNED       ; Untyped                                ;
; LPM_DREPRESENTATION    ; UNSIGNED       ; Untyped                                ;
; LPM_PIPELINE           ; 0              ; Untyped                                ;
; LPM_REMAINDERPOSITIVE  ; TRUE           ; Untyped                                ;
; MAXIMIZE_SPEED         ; 5              ; Untyped                                ;
; CBXI_PARAMETER         ; lpm_divide_i3m ; Untyped                                ;
; CARRY_CHAIN            ; MANUAL         ; Untyped                                ;
; OPTIMIZE_FOR_SPEED     ; 5              ; Untyped                                ;
; AUTO_CARRY_CHAINS      ; ON             ; AUTO_CARRY                             ;
; IGNORE_CARRY_BUFFERS   ; OFF            ; IGNORE_CARRY                           ;
; AUTO_CASCADE_CHAINS    ; ON             ; AUTO_CASCADE                           ;
; IGNORE_CASCADE_BUFFERS ; OFF            ; IGNORE_CASCADE                         ;
+------------------------+----------------+----------------------------------------+
Note: In order to hide this table in the UI and the text report file, please set the "Show Parameter Settings in Synthesis Report" option in "Analysis and Synthesis Settings -> More Settings" to "Off".


+-------------------------------------------------------------------------------------------------------------------------+
; Port Connectivity Checks: "ADC_reader:adc0"                                                                             ;
+---------------+--------+----------+-------------------------------------------------------------------------------------+
; Port          ; Type   ; Severity ; Details                                                                             ;
+---------------+--------+----------+-------------------------------------------------------------------------------------+
; sample_strobe ; Output ; Info     ; Connected to dangling logic. Logic that only feeds a dangling port will be removed. ;
+---------------+--------+----------+-------------------------------------------------------------------------------------+


+-----------------------------------------------------+
; Post-Synthesis Netlist Statistics for Top Partition ;
+-----------------------+-----------------------------+
; Type                  ; Count                       ;
+-----------------------+-----------------------------+
; arriav_ff             ; 152                         ;
;     CLR               ; 40                          ;
;     CLR SCLR          ; 31                          ;
;     ENA CLR           ; 28                          ;
;     ENA CLR SCLR      ; 53                          ;
; arriav_lcell_comb     ; 462                         ;
;     arith             ; 204                         ;
;         0 data inputs ; 26                          ;
;         1 data inputs ; 116                         ;
;         2 data inputs ; 21                          ;
;         3 data inputs ; 25                          ;
;         4 data inputs ; 14                          ;
;         5 data inputs ; 2                           ;
;     extend            ; 1                           ;
;         7 data inputs ; 1                           ;
;     normal            ; 251                         ;
;         0 data inputs ; 2                           ;
;         1 data inputs ; 12                          ;
;         2 data inputs ; 47                          ;
;         3 data inputs ; 40                          ;
;         4 data inputs ; 39                          ;
;         5 data inputs ; 61                          ;
;         6 data inputs ; 50                          ;
;     shared            ; 6                           ;
;         0 data inputs ; 1                           ;
;         1 data inputs ; 5                           ;
; arriav_mac            ; 1                           ;
; boundary_port         ; 90                          ;
;                       ;                             ;
; Max LUT depth         ; 11.90                       ;
; Average LUT depth     ; 5.01                        ;
+-----------------------+-----------------------------+


+-------------------------------+
; Elapsed Time Per Partition    ;
+----------------+--------------+
; Partition Name ; Elapsed Time ;
+----------------+--------------+
; Top            ; 00:00:01     ;
+----------------+--------------+


+-------------------------------+
; Analysis & Synthesis Messages ;
+-------------------------------+
Info: *******************************************************************
Info: Running Quartus Prime Analysis & Synthesis
    Info: Version 25.1std.0 Build 1129 10/21/2025 SC Lite Edition
    Info: Processing started: Fri Mar 27 14:42:19 2026
Info: Command: quartus_map --read_settings_files=on --write_settings_files=off 3710-Group-5-Project -c 3710-Group-5-Project
Warning (18236): Number of processors has not been specified which may cause overloading on shared machines.  Set the global assignment NUM_PARALLEL_PROCESSORS in your QSF to an appropriate value for best performance.
Info (20030): Parallel compilation is enabled and will use 16 of the 16 processors detected
Info (12021): Found 1 design units, including 1 entities, in source file /users/mmess/onedrive/documents/github/3710-group-5/1_project_pong/hard_coded_game/game_engine.v
    Info (12023): Found entity 1: game_engine File: C:/Users/mmess/OneDrive/Documents/GitHub/3710-Group-5/1_PROJECT_PONG/Hard_coded_game/game_engine.v Line: 1
Info (12021): Found 1 design units, including 1 entities, in source file /users/mmess/onedrive/documents/github/3710-group-5/1_project_pong/peripherals/adc_reader.v
    Info (12023): Found entity 1: ADC_reader File: C:/Users/mmess/OneDrive/Documents/GitHub/3710-Group-5/1_PROJECT_PONG/Peripherals/ADC_reader.v Line: 1
Info (12021): Found 1 design units, including 1 entities, in source file /users/mmess/onedrive/documents/github/3710-group-5/1_project_pong/video/score_font.v
    Info (12023): Found entity 1: score_font File: C:/Users/mmess/OneDrive/Documents/GitHub/3710-Group-5/1_PROJECT_PONG/Video/score_font.v Line: 1
Info (12021): Found 1 design units, including 1 entities, in source file /users/mmess/onedrive/documents/github/3710-group-5/1_project_pong/video/vga_controller.v
    Info (12023): Found entity 1: vga_controller File: C:/Users/mmess/OneDrive/Documents/GitHub/3710-Group-5/1_PROJECT_PONG/Video/vga_controller.v Line: 1
Info (12021): Found 1 design units, including 1 entities, in source file /users/mmess/onedrive/documents/github/3710-group-5/1_project_pong/video/renderer.v
    Info (12023): Found entity 1: renderer File: C:/Users/mmess/OneDrive/Documents/GitHub/3710-Group-5/1_PROJECT_PONG/Video/renderer.v Line: 1
Info (12021): Found 1 design units, including 1 entities, in source file /users/mmess/onedrive/documents/github/3710-group-5/1_project_pong/pong_top.v
    Info (12023): Found entity 1: PONG_TOP File: C:/Users/mmess/OneDrive/Documents/GitHub/3710-Group-5/1_PROJECT_PONG/PONG_TOP.v Line: 1
Info (12021): Found 1 design units, including 1 entities, in source file /users/mmess/onedrive/documents/github/3710-group-5/1_project_pong/clock_div.v
    Info (12023): Found entity 1: clk_divider File: C:/Users/mmess/OneDrive/Documents/GitHub/3710-Group-5/1_PROJECT_PONG/clock_div.v Line: 1
Info (12127): Elaborating entity "PONG_TOP" for the top level hierarchy
Warning (10230): Verilog HDL assignment warning at PONG_TOP.v(47): truncated value with size 32 to match size of target (3) File: C:/Users/mmess/OneDrive/Documents/GitHub/3710-Group-5/1_PROJECT_PONG/PONG_TOP.v Line: 47
Warning (10230): Verilog HDL assignment warning at PONG_TOP.v(51): truncated value with size 32 to match size of target (3) File: C:/Users/mmess/OneDrive/Documents/GitHub/3710-Group-5/1_PROJECT_PONG/PONG_TOP.v Line: 51
Info (12128): Elaborating entity "ADC_reader" for hierarchy "ADC_reader:adc0" File: C:/Users/mmess/OneDrive/Documents/GitHub/3710-Group-5/1_PROJECT_PONG/PONG_TOP.v Line: 65
Warning (10230): Verilog HDL assignment warning at ADC_reader.v(56): truncated value with size 12 to match size of target (9) File: C:/Users/mmess/OneDrive/Documents/GitHub/3710-Group-5/1_PROJECT_PONG/Peripherals/ADC_reader.v Line: 56
Info (12128): Elaborating entity "game_engine" for hierarchy "game_engine:game0" File: C:/Users/mmess/OneDrive/Documents/GitHub/3710-Group-5/1_PROJECT_PONG/PONG_TOP.v Line: 74
Info (12128): Elaborating entity "renderer" for hierarchy "renderer:video0" File: C:/Users/mmess/OneDrive/Documents/GitHub/3710-Group-5/1_PROJECT_PONG/PONG_TOP.v Line: 92
Warning (10230): Verilog HDL assignment warning at renderer.v(51): truncated value with size 32 to match size of target (3) File: C:/Users/mmess/OneDrive/Documents/GitHub/3710-Group-5/1_PROJECT_PONG/Video/renderer.v Line: 51
Warning (10230): Verilog HDL assignment warning at renderer.v(52): truncated value with size 32 to match size of target (3) File: C:/Users/mmess/OneDrive/Documents/GitHub/3710-Group-5/1_PROJECT_PONG/Video/renderer.v Line: 52
Warning (10230): Verilog HDL assignment warning at renderer.v(53): truncated value with size 32 to match size of target (3) File: C:/Users/mmess/OneDrive/Documents/GitHub/3710-Group-5/1_PROJECT_PONG/Video/renderer.v Line: 53
Warning (10230): Verilog HDL assignment warning at renderer.v(54): truncated value with size 32 to match size of target (3) File: C:/Users/mmess/OneDrive/Documents/GitHub/3710-Group-5/1_PROJECT_PONG/Video/renderer.v Line: 54
Info (12128): Elaborating entity "score_font" for hierarchy "renderer:video0|score_font:left_digit" File: C:/Users/mmess/OneDrive/Documents/GitHub/3710-Group-5/1_PROJECT_PONG/Video/renderer.v Line: 61
Info (12128): Elaborating entity "clk_divider" for hierarchy "renderer:video0|clk_divider:clk_div" File: C:/Users/mmess/OneDrive/Documents/GitHub/3710-Group-5/1_PROJECT_PONG/Video/renderer.v Line: 74
Info (12128): Elaborating entity "vga_controller" for hierarchy "renderer:video0|vga_controller:vga_ctrl" File: C:/Users/mmess/OneDrive/Documents/GitHub/3710-Group-5/1_PROJECT_PONG/Video/renderer.v Line: 84
Warning (10230): Verilog HDL assignment warning at vga_controller.v(37): truncated value with size 32 to match size of target (10) File: C:/Users/mmess/OneDrive/Documents/GitHub/3710-Group-5/1_PROJECT_PONG/Video/vga_controller.v Line: 37
Warning (10230): Verilog HDL assignment warning at vga_controller.v(43): truncated value with size 32 to match size of target (10) File: C:/Users/mmess/OneDrive/Documents/GitHub/3710-Group-5/1_PROJECT_PONG/Video/vga_controller.v Line: 43
Info (278001): Inferred 4 megafunctions from design logic
    Info (278004): Inferred divider/modulo megafunction ("lpm_divide") from the following logic: "Div1" File: C:/Users/mmess/OneDrive/Documents/GitHub/3710-Group-5/1_PROJECT_PONG/PONG_TOP.v Line: 53
    Info (278004): Inferred divider/modulo megafunction ("lpm_divide") from the following logic: "Div0" File: C:/Users/mmess/OneDrive/Documents/GitHub/3710-Group-5/1_PROJECT_PONG/PONG_TOP.v Line: 49
    Info (278004): Inferred divider/modulo megafunction ("lpm_divide") from the following logic: "ADC_reader:adc0|Div0" File: C:/Users/mmess/OneDrive/Documents/GitHub/3710-Group-5/1_PROJECT_PONG/Peripherals/ADC_reader.v Line: 56
    Info (278004): Inferred divider/modulo megafunction ("lpm_divide") from the following logic: "renderer:video0|Mod0" File: C:/Users/mmess/OneDrive/Documents/GitHub/3710-Group-5/1_PROJECT_PONG/Video/renderer.v Line: 102
Info (12130): Elaborated megafunction instantiation "lpm_divide:Div1" File: C:/Users/mmess/OneDrive/Documents/GitHub/3710-Group-5/1_PROJECT_PONG/PONG_TOP.v Line: 53
Info (12133): Instantiated megafunction "lpm_divide:Div1" with the following parameter: File: C:/Users/mmess/OneDrive/Documents/GitHub/3710-Group-5/1_PROJECT_PONG/PONG_TOP.v Line: 53
    Info (12134): Parameter "LPM_WIDTHN" = "32"
    Info (12134): Parameter "LPM_WIDTHD" = "9"
    Info (12134): Parameter "LPM_NREPRESENTATION" = "UNSIGNED"
    Info (12134): Parameter "LPM_DREPRESENTATION" = "UNSIGNED"
Info (12021): Found 1 design units, including 1 entities, in source file db/lpm_divide_nbm.tdf
    Info (12023): Found entity 1: lpm_divide_nbm File: C:/Users/mmess/OneDrive/Documents/GitHub/3710-Group-5/2_Quartus/Project/db/lpm_divide_nbm.tdf Line: 25
Info (12021): Found 1 design units, including 1 entities, in source file db/sign_div_unsign_tlh.tdf
    Info (12023): Found entity 1: sign_div_unsign_tlh File: C:/Users/mmess/OneDrive/Documents/GitHub/3710-Group-5/2_Quartus/Project/db/sign_div_unsign_tlh.tdf Line: 25
Info (12021): Found 1 design units, including 1 entities, in source file db/alt_u_div_00f.tdf
    Info (12023): Found entity 1: alt_u_div_00f File: C:/Users/mmess/OneDrive/Documents/GitHub/3710-Group-5/2_Quartus/Project/db/alt_u_div_00f.tdf Line: 23
Info (12130): Elaborated megafunction instantiation "ADC_reader:adc0|lpm_divide:Div0" File: C:/Users/mmess/OneDrive/Documents/GitHub/3710-Group-5/1_PROJECT_PONG/Peripherals/ADC_reader.v Line: 56
Info (12133): Instantiated megafunction "ADC_reader:adc0|lpm_divide:Div0" with the following parameter: File: C:/Users/mmess/OneDrive/Documents/GitHub/3710-Group-5/1_PROJECT_PONG/Peripherals/ADC_reader.v Line: 56
    Info (12134): Parameter "LPM_WIDTHN" = "12"
    Info (12134): Parameter "LPM_WIDTHD" = "12"
    Info (12134): Parameter "LPM_NREPRESENTATION" = "UNSIGNED"
    Info (12134): Parameter "LPM_DREPRESENTATION" = "UNSIGNED"
Info (12021): Found 1 design units, including 1 entities, in source file db/lpm_divide_vcm.tdf
    Info (12023): Found entity 1: lpm_divide_vcm File: C:/Users/mmess/OneDrive/Documents/GitHub/3710-Group-5/2_Quartus/Project/db/lpm_divide_vcm.tdf Line: 25
Info (12021): Found 1 design units, including 1 entities, in source file db/sign_div_unsign_5nh.tdf
    Info (12023): Found entity 1: sign_div_unsign_5nh File: C:/Users/mmess/OneDrive/Documents/GitHub/3710-Group-5/2_Quartus/Project/db/sign_div_unsign_5nh.tdf Line: 25
Info (12021): Found 1 design units, including 1 entities, in source file db/alt_u_div_g2f.tdf
    Info (12023): Found entity 1: alt_u_div_g2f File: C:/Users/mmess/OneDrive/Documents/GitHub/3710-Group-5/2_Quartus/Project/db/alt_u_div_g2f.tdf Line: 23
Info (12130): Elaborated megafunction instantiation "renderer:video0|lpm_divide:Mod0" File: C:/Users/mmess/OneDrive/Documents/GitHub/3710-Group-5/1_PROJECT_PONG/Video/renderer.v Line: 102
Info (12133): Instantiated megafunction "renderer:video0|lpm_divide:Mod0" with the following parameter: File: C:/Users/mmess/OneDrive/Documents/GitHub/3710-Group-5/1_PROJECT_PONG/Video/renderer.v Line: 102
    Info (12134): Parameter "LPM_WIDTHN" = "10"
    Info (12134): Parameter "LPM_WIDTHD" = "5"
    Info (12134): Parameter "LPM_NREPRESENTATION" = "UNSIGNED"
    Info (12134): Parameter "LPM_DREPRESENTATION" = "UNSIGNED"
Info (12021): Found 1 design units, including 1 entities, in source file db/lpm_divide_i3m.tdf
    Info (12023): Found entity 1: lpm_divide_i3m File: C:/Users/mmess/OneDrive/Documents/GitHub/3710-Group-5/2_Quartus/Project/db/lpm_divide_i3m.tdf Line: 25
Info (12021): Found 1 design units, including 1 entities, in source file db/sign_div_unsign_llh.tdf
    Info (12023): Found entity 1: sign_div_unsign_llh File: C:/Users/mmess/OneDrive/Documents/GitHub/3710-Group-5/2_Quartus/Project/db/sign_div_unsign_llh.tdf Line: 25
Info (12021): Found 1 design units, including 1 entities, in source file db/alt_u_div_gve.tdf
    Info (12023): Found entity 1: alt_u_div_gve File: C:/Users/mmess/OneDrive/Documents/GitHub/3710-Group-5/2_Quartus/Project/db/alt_u_div_gve.tdf Line: 23
Warning (13024): Output pins are stuck at VCC or GND
    Warning (13410): Pin "LEDR[0]" is stuck at GND File: C:/Users/mmess/OneDrive/Documents/GitHub/3710-Group-5/1_PROJECT_PONG/PONG_TOP.v Line: 5
    Warning (13410): Pin "LEDR[1]" is stuck at GND File: C:/Users/mmess/OneDrive/Documents/GitHub/3710-Group-5/1_PROJECT_PONG/PONG_TOP.v Line: 5
    Warning (13410): Pin "LEDR[2]" is stuck at GND File: C:/Users/mmess/OneDrive/Documents/GitHub/3710-Group-5/1_PROJECT_PONG/PONG_TOP.v Line: 5
    Warning (13410): Pin "LEDR[3]" is stuck at GND File: C:/Users/mmess/OneDrive/Documents/GitHub/3710-Group-5/1_PROJECT_PONG/PONG_TOP.v Line: 5
    Warning (13410): Pin "LEDR[4]" is stuck at GND File: C:/Users/mmess/OneDrive/Documents/GitHub/3710-Group-5/1_PROJECT_PONG/PONG_TOP.v Line: 5
    Warning (13410): Pin "LEDR[5]" is stuck at GND File: C:/Users/mmess/OneDrive/Documents/GitHub/3710-Group-5/1_PROJECT_PONG/PONG_TOP.v Line: 5
    Warning (13410): Pin "LEDR[6]" is stuck at GND File: C:/Users/mmess/OneDrive/Documents/GitHub/3710-Group-5/1_PROJECT_PONG/PONG_TOP.v Line: 5
    Warning (13410): Pin "LEDR[7]" is stuck at GND File: C:/Users/mmess/OneDrive/Documents/GitHub/3710-Group-5/1_PROJECT_PONG/PONG_TOP.v Line: 5
    Warning (13410): Pin "LEDR[8]" is stuck at GND File: C:/Users/mmess/OneDrive/Documents/GitHub/3710-Group-5/1_PROJECT_PONG/PONG_TOP.v Line: 5
    Warning (13410): Pin "LEDR[9]" is stuck at GND File: C:/Users/mmess/OneDrive/Documents/GitHub/3710-Group-5/1_PROJECT_PONG/PONG_TOP.v Line: 5
    Warning (13410): Pin "HEX0[1]" is stuck at VCC File: C:/Users/mmess/OneDrive/Documents/GitHub/3710-Group-5/1_PROJECT_PONG/PONG_TOP.v Line: 12
    Warning (13410): Pin "HEX0[2]" is stuck at VCC File: C:/Users/mmess/OneDrive/Documents/GitHub/3710-Group-5/1_PROJECT_PONG/PONG_TOP.v Line: 12
    Warning (13410): Pin "HEX0[4]" is stuck at VCC File: C:/Users/mmess/OneDrive/Documents/GitHub/3710-Group-5/1_PROJECT_PONG/PONG_TOP.v Line: 12
    Warning (13410): Pin "HEX0[5]" is stuck at VCC File: C:/Users/mmess/OneDrive/Documents/GitHub/3710-Group-5/1_PROJECT_PONG/PONG_TOP.v Line: 12
    Warning (13410): Pin "HEX0[6]" is stuck at VCC File: C:/Users/mmess/OneDrive/Documents/GitHub/3710-Group-5/1_PROJECT_PONG/PONG_TOP.v Line: 12
    Warning (13410): Pin "HEX1[1]" is stuck at VCC File: C:/Users/mmess/OneDrive/Documents/GitHub/3710-Group-5/1_PROJECT_PONG/PONG_TOP.v Line: 13
    Warning (13410): Pin "HEX1[2]" is stuck at VCC File: C:/Users/mmess/OneDrive/Documents/GitHub/3710-Group-5/1_PROJECT_PONG/PONG_TOP.v Line: 13
    Warning (13410): Pin "HEX1[4]" is stuck at VCC File: C:/Users/mmess/OneDrive/Documents/GitHub/3710-Group-5/1_PROJECT_PONG/PONG_TOP.v Line: 13
    Warning (13410): Pin "HEX1[5]" is stuck at VCC File: C:/Users/mmess/OneDrive/Documents/GitHub/3710-Group-5/1_PROJECT_PONG/PONG_TOP.v Line: 13
    Warning (13410): Pin "HEX1[6]" is stuck at VCC File: C:/Users/mmess/OneDrive/Documents/GitHub/3710-Group-5/1_PROJECT_PONG/PONG_TOP.v Line: 13
    Warning (13410): Pin "HEX2[1]" is stuck at VCC File: C:/Users/mmess/OneDrive/Documents/GitHub/3710-Group-5/1_PROJECT_PONG/PONG_TOP.v Line: 14
    Warning (13410): Pin "HEX2[2]" is stuck at VCC File: C:/Users/mmess/OneDrive/Documents/GitHub/3710-Group-5/1_PROJECT_PONG/PONG_TOP.v Line: 14
    Warning (13410): Pin "HEX2[4]" is stuck at VCC File: C:/Users/mmess/OneDrive/Documents/GitHub/3710-Group-5/1_PROJECT_PONG/PONG_TOP.v Line: 14
    Warning (13410): Pin "HEX2[5]" is stuck at VCC File: C:/Users/mmess/OneDrive/Documents/GitHub/3710-Group-5/1_PROJECT_PONG/PONG_TOP.v Line: 14
    Warning (13410): Pin "HEX2[6]" is stuck at VCC File: C:/Users/mmess/OneDrive/Documents/GitHub/3710-Group-5/1_PROJECT_PONG/PONG_TOP.v Line: 14
    Warning (13410): Pin "HEX3[1]" is stuck at VCC File: C:/Users/mmess/OneDrive/Documents/GitHub/3710-Group-5/1_PROJECT_PONG/PONG_TOP.v Line: 15
    Warning (13410): Pin "HEX3[2]" is stuck at VCC File: C:/Users/mmess/OneDrive/Documents/GitHub/3710-Group-5/1_PROJECT_PONG/PONG_TOP.v Line: 15
    Warning (13410): Pin "HEX3[4]" is stuck at VCC File: C:/Users/mmess/OneDrive/Documents/GitHub/3710-Group-5/1_PROJECT_PONG/PONG_TOP.v Line: 15
    Warning (13410): Pin "HEX3[5]" is stuck at VCC File: C:/Users/mmess/OneDrive/Documents/GitHub/3710-Group-5/1_PROJECT_PONG/PONG_TOP.v Line: 15
    Warning (13410): Pin "HEX3[6]" is stuck at VCC File: C:/Users/mmess/OneDrive/Documents/GitHub/3710-Group-5/1_PROJECT_PONG/PONG_TOP.v Line: 15
    Warning (13410): Pin "HEX4[1]" is stuck at VCC File: C:/Users/mmess/OneDrive/Documents/GitHub/3710-Group-5/1_PROJECT_PONG/PONG_TOP.v Line: 16
    Warning (13410): Pin "HEX4[2]" is stuck at VCC File: C:/Users/mmess/OneDrive/Documents/GitHub/3710-Group-5/1_PROJECT_PONG/PONG_TOP.v Line: 16
    Warning (13410): Pin "HEX4[4]" is stuck at VCC File: C:/Users/mmess/OneDrive/Documents/GitHub/3710-Group-5/1_PROJECT_PONG/PONG_TOP.v Line: 16
    Warning (13410): Pin "HEX4[5]" is stuck at VCC File: C:/Users/mmess/OneDrive/Documents/GitHub/3710-Group-5/1_PROJECT_PONG/PONG_TOP.v Line: 16
    Warning (13410): Pin "HEX4[6]" is stuck at VCC File: C:/Users/mmess/OneDrive/Documents/GitHub/3710-Group-5/1_PROJECT_PONG/PONG_TOP.v Line: 16
    Warning (13410): Pin "HEX5[1]" is stuck at VCC File: C:/Users/mmess/OneDrive/Documents/GitHub/3710-Group-5/1_PROJECT_PONG/PONG_TOP.v Line: 17
    Warning (13410): Pin "HEX5[2]" is stuck at VCC File: C:/Users/mmess/OneDrive/Documents/GitHub/3710-Group-5/1_PROJECT_PONG/PONG_TOP.v Line: 17
    Warning (13410): Pin "HEX5[4]" is stuck at VCC File: C:/Users/mmess/OneDrive/Documents/GitHub/3710-Group-5/1_PROJECT_PONG/PONG_TOP.v Line: 17
    Warning (13410): Pin "HEX5[5]" is stuck at VCC File: C:/Users/mmess/OneDrive/Documents/GitHub/3710-Group-5/1_PROJECT_PONG/PONG_TOP.v Line: 17
    Warning (13410): Pin "HEX5[6]" is stuck at VCC File: C:/Users/mmess/OneDrive/Documents/GitHub/3710-Group-5/1_PROJECT_PONG/PONG_TOP.v Line: 17
    Warning (13410): Pin "VGA_SYNC_N" is stuck at GND File: C:/Users/mmess/OneDrive/Documents/GitHub/3710-Group-5/1_PROJECT_PONG/PONG_TOP.v Line: 21
Info (286030): Timing-Driven Synthesis is running
Info (17049): 2 registers lost all their fanouts during netlist optimizations.
Info (16010): Generating hard_block partition "hard_block:auto_generated_inst"
    Info (16011): Adding 0 node(s), including 0 DDIO, 0 PLL, 0 transceiver and 0 LCELL
Warning (21074): Design contains 3 input pin(s) that do not drive logic
    Warning (15610): No output dependent on input pin "KEY[1]" File: C:/Users/mmess/OneDrive/Documents/GitHub/3710-Group-5/1_PROJECT_PONG/PONG_TOP.v Line: 3
    Warning (15610): No output dependent on input pin "KEY[2]" File: C:/Users/mmess/OneDrive/Documents/GitHub/3710-Group-5/1_PROJECT_PONG/PONG_TOP.v Line: 3
    Warning (15610): No output dependent on input pin "KEY[3]" File: C:/Users/mmess/OneDrive/Documents/GitHub/3710-Group-5/1_PROJECT_PONG/PONG_TOP.v Line: 3
Info (21057): Implemented 588 device resources after synthesis - the final resource count might be different
    Info (21058): Implemented 6 input pins
    Info (21059): Implemented 84 output pins
    Info (21061): Implemented 497 logic cells
    Info (21062): Implemented 1 DSP elements
Info: Quartus Prime Analysis & Synthesis was successful. 0 errors, 56 warnings
    Info: Peak virtual memory: 4944 megabytes
    Info: Processing ended: Fri Mar 27 14:42:26 2026
    Info: Elapsed time: 00:00:07
    Info: Total CPU time (on all processors): 00:00:15


