------------------------------------------------------------
Timing Analyzer Summary
------------------------------------------------------------

Type  : Slow 1100mV 85C Model Setup 'renderer:video0|clk_divider:clk_div|div_clk'
Slack : -10.844
TNS   : -334.198

Type  : Slow 1100mV 85C Model Setup 'CLOCK_50'
Slack : -6.977
TNS   : -547.852

Type  : Slow 1100mV 85C Model Hold 'CLOCK_50'
Slack : 0.287
TNS   : 0.000

Type  : Slow 1100mV 85C Model Hold 'renderer:video0|clk_divider:clk_div|div_clk'
Slack : 0.950
TNS   : 0.000

Type  : Slow 1100mV 85C Model Minimum Pulse Width 'CLOCK_50'
Slack : -0.808
TNS   : -89.789

Type  : Slow 1100mV 85C Model Minimum Pulse Width 'renderer:video0|clk_divider:clk_div|div_clk'
Slack : -0.394
TNS   : -27.102

Type  : Slow 1100mV 0C Model Setup 'renderer:video0|clk_divider:clk_div|div_clk'
Slack : -11.295
TNS   : -343.150

Type  : Slow 1100mV 0C Model Setup 'CLOCK_50'
Slack : -7.045
TNS   : -539.687

Type  : Slow 1100mV 0C Model Hold 'CLOCK_50'
Slack : 0.271
TNS   : 0.000

Type  : Slow 1100mV 0C Model Hold 'renderer:video0|clk_divider:clk_div|div_clk'
Slack : 0.917
TNS   : 0.000

Type  : Slow 1100mV 0C Model Minimum Pulse Width 'CLOCK_50'
Slack : -0.819
TNS   : -97.222

Type  : Slow 1100mV 0C Model Minimum Pulse Width 'renderer:video0|clk_divider:clk_div|div_clk'
Slack : -0.394
TNS   : -26.970

Type  : Fast 1100mV 85C Model Setup 'renderer:video0|clk_divider:clk_div|div_clk'
Slack : -5.511
TNS   : -171.901

Type  : Fast 1100mV 85C Model Setup 'CLOCK_50'
Slack : -3.502
TNS   : -261.133

Type  : Fast 1100mV 85C Model Hold 'CLOCK_50'
Slack : 0.169
TNS   : 0.000

Type  : Fast 1100mV 85C Model Hold 'renderer:video0|clk_divider:clk_div|div_clk'
Slack : 0.494
TNS   : 0.000

Type  : Fast 1100mV 85C Model Minimum Pulse Width 'CLOCK_50'
Slack : -0.711
TNS   : -15.063

Type  : Fast 1100mV 85C Model Minimum Pulse Width 'renderer:video0|clk_divider:clk_div|div_clk'
Slack : 0.007
TNS   : 0.000

Type  : Fast 1100mV 0C Model Setup 'renderer:video0|clk_divider:clk_div|div_clk'
Slack : -5.209
TNS   : -159.207

Type  : Fast 1100mV 0C Model Setup 'CLOCK_50'
Slack : -3.236
TNS   : -226.856

Type  : Fast 1100mV 0C Model Hold 'CLOCK_50'
Slack : 0.154
TNS   : 0.000

Type  : Fast 1100mV 0C Model Hold 'renderer:video0|clk_divider:clk_div|div_clk'
Slack : 0.444
TNS   : 0.000

Type  : Fast 1100mV 0C Model Minimum Pulse Width 'CLOCK_50'
Slack : -0.693
TNS   : -15.402

Type  : Fast 1100mV 0C Model Minimum Pulse Width 'renderer:video0|clk_divider:clk_div|div_clk'
Slack : 0.034
TNS   : 0.000

------------------------------------------------------------
